\BOOKMARK [1][-]{section.1}{\376\377\000G\000o\000a\000l\000\040\000o\000f\000\040\000t\000h\000e\000\040\000t\000a\000l\000k}{}% 1
\BOOKMARK [1][-]{section.2}{\376\377\000B\000E\000M\000\040\000\247\0006\000.\0002\000:\000\040\000T\000h\000e\000\040\000B\000e\000i\000l\000i\000n\000s\000o\000n\040\023\000L\000i\000c\000h\000t\000e\000n\000b\000a\000u\000m\000\040\000m\000o\000t\000i\000v\000i\000c\000\040\000s\000p\000e\000c\000t\000r\000u\000m\000\040\000a\000n\000d\000\040\000b\000a\000s\000e\000\040\000c\000h\000a\000n\000g\000e}{}% 2
\BOOKMARK [2][-]{subsection.2.1}{\376\377\000P\000r\000e\000r\000e\000q\000u\000i\000s\000i\000t\000e\000s\000\040\000t\000o\000\040\000r\000e\000c\000a\000l\000l\000\040\000a\000t\000\040\000t\000h\000e\000\040\000b\000e\000g\000i\000n\000n\000i\000n\000g\000\040\000o\000f\000\040\000t\000h\000e\000\040\000t\000a\000l\000k}{section.2}% 3
\BOOKMARK [3][-]{subsubsection.2.1.1}{\376\377\000B\000e\000i\000l\000i\000n\000s\000o\000n\040\023\000L\000i\000c\000h\000t\000e\000n\000b\000a\000u\000m\000\040\000c\000o\000h\000o\000m\000o\000l\000o\000g\000y}{subsection.2.1}% 4
\BOOKMARK [3][-]{subsubsection.2.1.2}{\376\377\000T\000h\000e\000\040\000m\000o\000t\000i\000v\000i\000c\000\040\000E\000i\000l\000e\000n\000b\000e\000r\000g\040\023\000M\000a\000c\000L\000a\000n\000e\000\040\000c\000o\000n\000s\000t\000r\000u\000c\000t\000i\000o\000n}{subsection.2.1}% 5
\BOOKMARK [3][-]{subsubsection.2.1.3}{\376\377\000W\000h\000y\000\040\000b\000a\000s\000e\000\040\000c\000h\000a\000n\000g\000e\000\040\000i\000s\000\040\000n\000o\000n\000-\000f\000o\000r\000m\000a\000l}{subsection.2.1}% 6
\BOOKMARK [2][-]{subsection.2.2}{\376\377\000C\000o\000n\000s\000t\000r\000u\000c\000t\000i\000o\000n\000\040\000o\000f\000\040\000t\000h\000e\000\040\000s\000p\000e\000c\000t\000r\000u\000m\000\040\000H\000Z\000\040\000B\000L\000\040\000p\000,\000B}{section.2}% 7
\BOOKMARK [2][-]{subsection.2.3}{\376\377\000P\000r\000o\000p\000o\000s\000i\000t\000i\000o\000n\000\040\0006\000.\0001\0006\000:\000\040\000t\000h\000e\000\040\000t\000e\000c\000h\000n\000i\000c\000a\000l\000\040\000i\000n\000p\000u\000t}{section.2}% 8
\BOOKMARK [3][-]{subsubsection.2.3.1}{\376\377\000M\000e\000a\000n\000i\000n\000g\000\040\000o\000f\000\040\000t\000h\000e\000\040\000s\000t\000a\000t\000e\000m\000e\000n\000t}{subsection.2.3}% 9
\BOOKMARK [3][-]{subsubsection.2.3.2}{\376\377\000P\000r\000o\000o\000f\000\040\000o\000f\000\040\000P\000r\000o\000p\000o\000s\000i\000t\000i\000o\000n\000\040\0006\000.\0001\0006\000\050\0001\000\051}{subsection.2.3}% 10
\BOOKMARK [3][-]{subsubsection.2.3.3}{\376\377\000P\000r\000o\000o\000f\000\040\000o\000f\000\040\000P\000r\000o\000p\000o\000s\000i\000t\000i\000o\000n\000\040\0006\000.\0001\0006\000\050\0002\000\051}{subsection.2.3}% 11
\BOOKMARK [2][-]{subsection.2.4}{\376\377\000T\000h\000e\000o\000r\000e\000m\000\040\0006\000.\0001\0007\000:\000\040\000b\000a\000s\000e\000\040\000c\000h\000a\000n\000g\000e\000\040\000f\000o\000r\000\040\000H\000Z\000\040\000B\000L}{section.2}% 12
\BOOKMARK [3][-]{subsubsection.2.4.1}{\376\377\000T\000h\000e\000\040\000c\000o\000m\000p\000a\000t\000i\000b\000i\000l\000i\000t\000y\000\040\000d\000i\000a\000g\000r\000a\000m}{subsection.2.4}% 13
\BOOKMARK [3][-]{subsubsection.2.4.2}{\376\377\000P\000r\000o\000o\000f\000\040\000o\000f\000\040\000T\000h\000e\000o\000r\000e\000m\000\040\0006\000.\0001\0007}{subsection.2.4}% 14
\BOOKMARK [1][-]{section.3}{\376\377\000B\000E\000M\000\040\000\247\0006\000.\0003\000:\000\040\000V\000o\000e\000v\000o\000d\000s\000k\000y\000'\000s\000\040\000s\000l\000i\000c\000e\000\040\000c\000o\000n\000j\000e\000c\000t\000u\000r\000e\000s\000\040\000o\000v\000e\000r\000\040\000D\000e\000d\000e\000k\000i\000n\000d\000\040\000d\000o\000m\000a\000i\000n\000s\000\040\000a\000n\000d\000\040\000t\000h\000e\000\040\000B\000e\000i\000l\000i\000n\000s\000o\000n\040\023\000L\000i\000c\000h\000t\000e\000n\000b\000a\000u\000m\000\040\000e\000q\000u\000i\000v\000a\000l\000e\000n\000c\000e}{}% 15
\BOOKMARK [2][-]{subsection.3.1}{\376\377\000P\000r\000o\000p\000o\000s\000i\000t\000i\000o\000n\000\040\0006\000.\0001\0008\000:\000\040\000i\000d\000e\000n\000t\000i\000f\000y\000i\000n\000g\000\040\000s\0000\000\050\0001\000B\000\051\000\040\000w\000i\000t\000h\000\040\000H\000Z\000B\000L}{section.3}% 16
\BOOKMARK [3][-]{subsubsection.3.1.1}{\376\377\000P\000r\000o\000o\000f\000\040\000o\000v\000e\000r\000\040\000f\000i\000e\000l\000d\000s}{subsection.3.1}% 17
\BOOKMARK [3][-]{subsubsection.3.1.2}{\376\377\000P\000r\000o\000o\000f\000\040\000o\000v\000e\000r\000\040\000m\000i\000x\000e\000d\000-\000c\000h\000a\000r\000a\000c\000t\000e\000r\000i\000s\000t\000i\000c\000\040\000D\000e\000d\000e\000k\000i\000n\000d\000\040\000d\000o\000m\000a\000i\000n\000s}{subsection.3.1}% 18
\BOOKMARK [2][-]{subsection.3.2}{\376\377\000C\000o\000r\000o\000l\000l\000a\000r\000y\000\040\0006\000.\0001\0009\000:\000\040\000b\000a\000s\000e\000\040\000c\000h\000a\000n\000g\000e\000\040\000f\000o\000r\000\040\000t\000h\000e\000\040\000z\000e\000r\000o\000\040\000s\000l\000i\000c\000e\000\040\000o\000f\000\040\000t\000h\000e\000\040\000s\000p\000h\000e\000r\000e}{section.3}% 19
\BOOKMARK [2][-]{subsection.3.3}{\376\377\000P\000r\000o\000p\000o\000s\000i\000t\000i\000o\000n\000\040\0006\000.\0002\0000\000:\000\040\000f\000r\000o\000m\000\040\000t\000h\000e\000\040\000s\000p\000h\000e\000r\000e\000\040\000t\000o\000\040\000K\000G\000L}{section.3}% 20
\BOOKMARK [3][-]{subsubsection.3.3.1}{\376\377\000P\000r\000o\000o\000f\000\040\000o\000f\000\040\000p\000a\000r\000t\000\040\000\050\0001\000\051}{subsection.3.3}% 21
\BOOKMARK [3][-]{subsubsection.3.3.2}{\376\377\000P\000r\000o\000o\000f\000\040\000o\000f\000\040\000p\000a\000r\000t\000\040\000\050\0002\000\051}{subsection.3.3}% 22
\BOOKMARK [3][-]{subsubsection.3.3.3}{\376\377\000P\000r\000o\000o\000f\000\040\000o\000f\000\040\000p\000a\000r\000t\000\040\000\050\0003\000\051}{subsection.3.3}% 23
\BOOKMARK [2][-]{subsection.3.4}{\376\377\000L\000a\000t\000e\000r\000\040\000c\000o\000n\000s\000e\000q\000u\000e\000n\000c\000e\000:\000\040\000C\000o\000r\000o\000l\000l\000a\000r\000y\000\040\0009\000.\0007}{section.3}% 24
\BOOKMARK [3][-]{subsubsection.3.4.1}{\376\377\000W\000h\000a\000t\000\040\000t\000h\000i\000s\000\040\000a\000d\000d\000s\000\040\000b\000e\000y\000o\000n\000d\000\040\000P\000r\000o\000p\000o\000s\000i\000t\000i\000o\000n\000\040\0006\000.\0002\0000}{subsection.3.4}% 25
\BOOKMARK [3][-]{subsubsection.3.4.2}{\376\377\000P\000r\000o\000o\000f\000\040\000s\000k\000e\000t\000c\000h}{subsection.3.4}% 26
\BOOKMARK [2][-]{subsection.3.5}{\376\377\000T\000h\000e\000o\000r\000e\000m\000\040\0006\000.\0002\0001\000:\000\040\000t\000h\000e\000\040\000m\000a\000i\000n\000\040\000t\000h\000e\000o\000r\000e\000m\000\040\000o\000f\000\040\000\247\0006\000.\0003}{section.3}% 27
\BOOKMARK [3][-]{subsubsection.3.5.1}{\376\377\000P\000r\000o\000o\000f\000\040\000o\000f\000\040\000p\000a\000r\000t\000\040\000\050\0001\000\051}{subsection.3.5}% 28
\BOOKMARK [3][-]{subsubsection.3.5.2}{\376\377\000P\000r\000o\000o\000f\000\040\000o\000f\000\040\000p\000a\000r\000t\000\040\000\050\0002\000\051\000:\000\040\000c\000h\000e\000c\000k\000i\000n\000g\000\040\000B\000L\000p\000\040\000f\000o\000r\000\040\000s\000m\000o\000o\000t\000h\000\040\000D\000e\000d\000e\000k\000i\000n\000d\000\040\000s\000c\000h\000e\000m\000e\000s}{subsection.3.5}% 29
\BOOKMARK [3][-]{subsubsection.3.5.3}{\376\377\000P\000r\000o\000o\000f\000\040\000o\000f\000\040\000p\000a\000r\000t\000\040\000\050\0003\000\051\000:\000\040\000c\000o\000h\000e\000r\000e\000n\000t\000\040\000m\000u\000l\000t\000i\000p\000l\000i\000c\000a\000t\000i\000v\000e\000\040\000c\000o\000m\000p\000a\000r\000i\000s\000o\000n}{subsection.3.5}% 30
\BOOKMARK [2][-]{subsection.3.6}{\376\377\000C\000o\000r\000o\000l\000l\000a\000r\000y\000\040\0006\000.\0002\0004\000:\000\040\000H\000i\000l\000b\000e\000r\000t\000\040\0009\0000\000\040\000a\000n\000d\000\040\000t\000h\000e\000\040\000B\000e\000i\000l\000i\000n\000s\000o\000n\040\023\000L\000i\000c\000h\000t\000e\000n\000b\000a\000u\000m\000\040\000e\000q\000u\000i\000v\000a\000l\000e\000n\000c\000e}{section.3}% 31
\BOOKMARK [3][-]{subsubsection.3.6.1}{\376\377\000P\000r\000o\000o\000f\000:\000\040\000N\000i\000s\000n\000e\000v\000i\000c\000h\000-\000l\000o\000c\000a\000l\000\040\000s\000u\000p\000p\000o\000r\000t}{subsection.3.6}% 32
\BOOKMARK [3][-]{subsubsection.3.6.2}{\376\377\000P\000r\000o\000o\000f\000:\000\040\000\351\000t\000a\000l\000e\000\040\000c\000o\000m\000p\000a\000r\000i\000s\000o\000n\000\040\000a\000n\000d\000\040\000H\000i\000l\000b\000e\000r\000t\000\040\0009\0000}{subsection.3.6}% 33
